[("y", (Syntax.VInt 0)); ("x", (Syntax.VInt 4)); ("n", (Syntax.VInt 4))]
