(Syntax.VInt 1)
(Syntax.VInt 5)
(Syntax.VInt 13)
(Syntax.VBool true)
(Syntax.VBool false)
(Syntax.VInt 10)
(Syntax.VBool false)
Add expression is ill-typed
And expression is ill-typed
Add expression is ill-typed
And expression is ill-typed
bye!
