3
2 7 8 5 3 9 1 6 4 
3 5 1 2 4 6 8 9 7 
4 6 9 8 1 7 5 3 2 
7 2 6 1 9 5 3 4 8 
1 9 3 4 6 8 7 2 5 
5 8 4 7 2 3 9 1 6 
9 1 7 6 5 2 4 8 3 
8 3 2 9 7 4 6 5 1 
6 4 5 3 8 1 2 7 9 
puzzle solution is unique
