2
3 1 2 4 
2 4 1 3 
1 3 4 2 
4 2 3 1 
found more than one solution!
2
2 3 1 4 
4 1 2 3 
1 4 3 2 
3 2 4 1 
